/Library/Frameworks/R.framework/Versions/4.6/Resources/library/stbimageheaders/include/stbimageheaders/stb_image_resize2.h:3735:11: runtime error: store to misaligned address 0x60400002e8dc for type 'stbir_uint64' (aka 'unsigned long long'), which requires 8 byte alignment
0x60400002e8dc: note: pointer points here
  40 60 90 3d 00 00 00 00  40 60 90 3d 62 13 1d 3f  2b c1 a1 3e 00 00 00 00  be be be be be be be be
              ^ 
==25766==WARNING: external symbolizer didn't start up correctly!
==25766==WARNING: Can't write to symbolizer at fd 5
==25766==WARNING: external symbolizer didn't start up correctly!
==25766==WARNING: Can't write to symbolizer at fd 6
==25766==WARNING: external symbolizer didn't start up correctly!
==25766==WARNING: Can't write to symbolizer at fd 7
==25766==WARNING: external symbolizer didn't start up correctly!
==25766==WARNING: Can't write to symbolizer at fd 8
==25766==WARNING: external symbolizer didn't start up correctly!
==25766==WARNING: Failed to use and restart external symbolizer!
    #0 0x10bf7a5fc in stbir__alloc_internal_mem_and_build_samplers(stbir__sampler*, stbir__sampler*, stbir__contributors*, stbir_pixel_layout, stbir_pixel_layout, int, int, int, int, void*)+0x7ed4 (/private/tmp/rayvertex-optimization/lib-experiments-asan/rayvertex/libs/rayvertex.so:arm64+0x2f65fc)
    #1 0x10be783d8 in stbir_build_samplers_with_splits+0xcd8 (/private/tmp/rayvertex-optimization/lib-experiments-asan/rayvertex/libs/rayvertex.so:arm64+0x1f43d8)
    #2 0x10be79464 in stbir_resize_extended+0x110 (/private/tmp/rayvertex-optimization/lib-experiments-asan/rayvertex/libs/rayvertex.so:arm64+0x1f5464)
    #3 0x10be7eacc in stbir_quick_resize_helper(void const*, int, int, int, void*, int, int, int, stbir_pixel_layout, stbir_datatype, stbir_edge, stbir_filter)+0x4f8 (/private/tmp/rayvertex-optimization/lib-experiments-asan/rayvertex/libs/rayvertex.so:arm64+0x1faacc)
    #4 0x10c053934 in resize_reflection_map(float const*, int, int, float*, int, int, int)+0x84 (/private/tmp/rayvertex-optimization/lib-experiments-asan/rayvertex/libs/rayvertex.so:arm64+0x3cf934)
    #5 0x10beb2194 in rasterize(Rcpp::Vector<19, Rcpp::PreserveStorage>, Rcpp::Matrix<14, Rcpp::PreserveStorage>, Rcpp::Matrix<14, Rcpp::PreserveStorage>, int, int, Rcpp::Vector<14, Rcpp::PreserveStorage>, Rcpp::Vector<14, Rcpp::PreserveStorage>, Rcpp::Vector<14, Rcpp::PreserveStorage>, double, Rcpp::Vector<13, Rcpp::PreserveStorage>, bool, bool, bool, double, double, int, int, Rcpp::Vector<10, Rcpp::PreserveStorage>, Rcpp::Vector<10, Rcpp::PreserveStorage>, Rcpp::Vector<10, Rcpp::PreserveStorage>, Rcpp::Vector<10, Rcpp::PreserveStorage>, Rcpp::Vector<10, Rcpp::PreserveStorage>, Rcpp::Vector<10, Rcpp::PreserveStorage>, Rcpp::Vector<10, Rcpp::PreserveStorage>, Rcpp::Vector<10, Rcpp::PreserveStorage>, int, bool, double, double, double, Rcpp::Vector<14, Rcpp::PreserveStorage>, Rcpp::Vector<13, Rcpp::PreserveStorage>, Rcpp::Vector<14, Rcpp::PreserveStorage>, double, double, Rcpp::Vector<14, Rcpp::PreserveStorage>, Rcpp::Vector<10, Rcpp::PreserveStorage>, bool, Rcpp::Vector<10, Rcpp::PreserveStorage>&, Rcpp::Vector<10, Rcpp::PreserveStorage>&, Rcpp::Vector<10, Rcpp::PreserveStorage>, Rcpp::String, double, Rcpp::Vector<10, Rcpp::PreserveStorage>, bool, bool, Rcpp::Vector<14, Rcpp::PreserveStorage>, bool, bool, int, SEXPREC*)::$_0::operator()(double, bool) const+0x5d4 (/private/tmp/rayvertex-optimization/lib-experiments-asan/rayvertex/libs/rayvertex.so:arm64+0x22e194)
    #6 0x10be9cb38 in rasterize(Rcpp::Vector<19, Rcpp::PreserveStorage>, Rcpp::Matrix<14, Rcpp::PreserveStorage>, Rcpp::Matrix<14, Rcpp::PreserveStorage>, int, int, Rcpp::Vector<14, Rcpp::PreserveStorage>, Rcpp::Vector<14, Rcpp::PreserveStorage>, Rcpp::Vector<14, Rcpp::PreserveStorage>, double, Rcpp::Vector<13, Rcpp::PreserveStorage>, bool, bool, bool, double, double, int, int, Rcpp::Vector<10, Rcpp::PreserveStorage>, Rcpp::Vector<10, Rcpp::PreserveStorage>, Rcpp::Vector<10, Rcpp::PreserveStorage>, Rcpp::Vector<10, Rcpp::PreserveStorage>, Rcpp::Vector<10, Rcpp::PreserveStorage>, Rcpp::Vector<10, Rcpp::PreserveStorage>, Rcpp::Vector<10, Rcpp::PreserveStorage>, Rcpp::Vector<10, Rcpp::PreserveStorage>, int, bool, double, double, double, Rcpp::Vector<14, Rcpp::PreserveStorage>, Rcpp::Vector<13, Rcpp::PreserveStorage>, Rcpp::Vector<14, Rcpp::PreserveStorage>, double, double, Rcpp::Vector<14, Rcpp::PreserveStorage>, Rcpp::Vector<10, Rcpp::PreserveStorage>, bool, Rcpp::Vector<10, Rcpp::PreserveStorage>&, Rcpp::Vector<10, Rcpp::PreserveStorage>&, Rcpp::Vector<10, Rcpp::PreserveStorage>, Rcpp::String, double, Rcpp::Vector<10, Rcpp::PreserveStorage>, bool, bool, Rcpp::Vector<14, Rcpp::PreserveStorage>, bool, bool, int, SEXPREC*)+0x1dc04 (/private/tmp/rayvertex-optimization/lib-experiments-asan/rayvertex/libs/rayvertex.so:arm64+0x218b38)
    #7 0x10bc919e4 in _rayvertex_rasterize+0xb08 (/private/tmp/rayvertex-optimization/lib-experiments-asan/rayvertex/libs/rayvertex.so:arm64+0xd9e4)
    #8 0x105ca6eb8 in R_doDotCall+0xb78 (/Library/Frameworks/R.framework/Versions/4.6/Resources/lib/libR.dylib:arm64+0x8aeb8)
    #9 0x105ca7338 in do_dotcall+0x138 (/Library/Frameworks/R.framework/Versions/4.6/Resources/lib/libR.dylib:arm64+0x8b338)
    #10 0x105cebaa0 in bcEval_loop+0x5060 (/Library/Frameworks/R.framework/Versions/4.6/Resources/lib/libR.dylib:arm64+0xcfaa0)
    #11 0x105cd8830 in bcEval+0x270 (/Library/Frameworks/R.framework/Versions/4.6/Resources/lib/libR.dylib:arm64+0xbc830)
    #12 0x105cd7ee0 in Rf_eval+0x160 (/Library/Frameworks/R.framework/Versions/4.6/Resources/lib/libR.dylib:arm64+0xbbee0)
    #13 0x105cdaad8 in R_execClosure+0x318 (/Library/Frameworks/R.framework/Versions/4.6/Resources/lib/libR.dylib:arm64+0xbead8)
    #14 0x105cd9be0 in applyClosure_core+0xa0 (/Library/Frameworks/R.framework/Versions/4.6/Resources/lib/libR.dylib:arm64+0xbdbe0)
    #15 0x105cd83e4 in Rf_eval+0x664 (/Library/Frameworks/R.framework/Versions/4.6/Resources/lib/libR.dylib:arm64+0xbc3e4)
    #16 0x105c71bf0 in do_docall+0x270 (/Library/Frameworks/R.framework/Versions/4.6/Resources/lib/libR.dylib:arm64+0x55bf0)
    #17 0x105cebaa0 in bcEval_loop+0x5060 (/Library/Frameworks/R.framework/Versions/4.6/Resources/lib/libR.dylib:arm64+0xcfaa0)
    #18 0x105cd8830 in bcEval+0x270 (/Library/Frameworks/R.framework/Versions/4.6/Resources/lib/libR.dylib:arm64+0xbc830)
    #19 0x105cdcbfc in R_compileAndExecute+0x2fc (/Library/Frameworks/R.framework/Versions/4.6/Resources/lib/libR.dylib:arm64+0xc0bfc)
    #20 0x105cdbe2c in do_for+0xec (/Library/Frameworks/R.framework/Versions/4.6/Resources/lib/libR.dylib:arm64+0xbfe2c)
    #21 0x105cd817c in Rf_eval+0x3fc (/Library/Frameworks/R.framework/Versions/4.6/Resources/lib/libR.dylib:arm64+0xbc17c)
    #22 0x105cdf544 in do_eval+0x784 (/Library/Frameworks/R.framework/Versions/4.6/Resources/lib/libR.dylib:arm64+0xc3544)
    #23 0x105cebaa0 in bcEval_loop+0x5060 (/Library/Frameworks/R.framework/Versions/4.6/Resources/lib/libR.dylib:arm64+0xcfaa0)
    #24 0x105cd8830 in bcEval+0x270 (/Library/Frameworks/R.framework/Versions/4.6/Resources/lib/libR.dylib:arm64+0xbc830)
    #25 0x105cd7ee0 in Rf_eval+0x160 (/Library/Frameworks/R.framework/Versions/4.6/Resources/lib/libR.dylib:arm64+0xbbee0)
    #26 0x105cd8ab4 in forcePromise+0xf4 (/Library/Frameworks/R.framework/Versions/4.6/Resources/lib/libR.dylib:arm64+0xbcab4)
    #27 0x105cd8004 in Rf_eval+0x284 (/Library/Frameworks/R.framework/Versions/4.6/Resources/lib/libR.dylib:arm64+0xbc004)
    #28 0x105cdf63c in do_withVisible+0x3c (/Library/Frameworks/R.framework/Versions/4.6/Resources/lib/libR.dylib:arm64+0xc363c)
    #29 0x105d3a80c in do_internal+0x18c (/Library/Frameworks/R.framework/Versions/4.6/Resources/lib/libR.dylib:arm64+0x11e80c)
    #30 0x105cee270 in bcEval_loop+0x7830 (/Library/Frameworks/R.framework/Versions/4.6/Resources/lib/libR.dylib:arm64+0xd2270)
    #31 0x105cd8830 in bcEval+0x270 (/Library/Frameworks/R.framework/Versions/4.6/Resources/lib/libR.dylib:arm64+0xbc830)
    #32 0x105cd7ee0 in Rf_eval+0x160 (/Library/Frameworks/R.framework/Versions/4.6/Resources/lib/libR.dylib:arm64+0xbbee0)
    #33 0x105cdaad8 in R_execClosure+0x318 (/Library/Frameworks/R.framework/Versions/4.6/Resources/lib/libR.dylib:arm64+0xbead8)
    #34 0x105cd9be0 in applyClosure_core+0xa0 (/Library/Frameworks/R.framework/Versions/4.6/Resources/lib/libR.dylib:arm64+0xbdbe0)
    #35 0x105cd83e4 in Rf_eval+0x664 (/Library/Frameworks/R.framework/Versions/4.6/Resources/lib/libR.dylib:arm64+0xbc3e4)
    #36 0x105d2468c in Rf_ReplIteration+0x40c (/Library/Frameworks/R.framework/Versions/4.6/Resources/lib/libR.dylib:arm64+0x10868c)
    #37 0x105d25be0 in run_Rmainloop+0xe0 (/Library/Frameworks/R.framework/Versions/4.6/Resources/lib/libR.dylib:arm64+0x109be0)
    #38 0x105d25c4c in Rf_mainloop+0xc (/Library/Frameworks/R.framework/Versions/4.6/Resources/lib/libR.dylib:arm64+0x109c4c)
    #39 0x10446109c in main+0x1c (/Library/Frameworks/R.framework/Versions/4.6/Resources/bin/exec/R:arm64+0x10000109c)
    #40 0x1868cab94  (<unknown module>)

SUMMARY: UndefinedBehaviorSanitizer: undefined-behavior /Library/Frameworks/R.framework/Versions/4.6/Resources/library/stbimageheaders/include/stbimageheaders/stb_image_resize2.h:3735:11 in 
Error in eval(ei, envir) : 
  Parity failures: tangent_phong/all, tangent_phong/normals
Calls: source -> withVisible -> eval -> eval
Execution halted
